---
source: src/sample_tests.rs
expression: "run_sample_test(\"samples/request-body.yaml\")"
---
#let title = [ Several Methods API ]

#let numbering-limited(max-level, schema) = (..numbers) => {
  if numbers.pos().len() <= max-level {
    numbering(schema, ..numbers)
  }
}
#set heading(numbering: numbering-limited(3, "1."))
#let appendix(body) = {
  set heading(numbering: numbering-limited(1, "A."), supplement: [Appendix])
  counter(heading).update(0)
  body
}

#set page(
  header: align(
    right + horizon,
    title
  ),
  numbering: "1/1"
)

#align(horizon)[
	#align(center, text(27pt)[
	  *#title*
	])
	#align(center, text(24pt)[ A simple API with a request body ])
]

#pagebreak()

#outline(
	depth: 2,
	indent: auto,
)


#pagebreak()
= Container

== /post

=== POST - PostThings
Post things

Post things



- application/json: 

- text/plain: 




==== Parameters

===== path: thing 

ID of thing to post

- type:  number
- style: simple






==== Response

==== 200
no error



- application/json: array[string]

- text/plain: array[integer]




==== 400
bad parameter




==== 500
server error









#pagebreak()
#show: appendix

= Schemas


// required schema. Don't list them, but do a lookup and mark the field as required
